src/hooks/useClipartGeneration.ts(2,33): error TS2307: Cannot find module '../services/api' or its corresponding type declarations.
src/hooks/useOfflineClipartGeneration.ts(51,30): error TS2339: Property 'EncodingType' does not exist on type 'typeof import("C:/Users/Jaydeep Rawat/Desktop/ai-clipart-generator/node_modules/expo-file-system/build/index")'.
src/navigation/RootNavigator.tsx(6,10): error TS2614: Module '"../screens/UploadScreen"' has no exported member 'UploadScreen'. Did you mean to use 'import UploadScreen from "../screens/UploadScreen"' instead?
src/navigation/RootNavigator.tsx(7,10): error TS2614: Module '"../screens/GenerateScreen"' has no exported member 'GenerateScreen'. Did you mean to use 'import GenerateScreen from "../screens/GenerateScreen"' instead?
src/navigation/RootNavigator.tsx(8,10): error TS2614: Module '"../screens/ResultsScreen"' has no exported member 'ResultsScreen'. Did you mean to use 'import ResultsScreen from "../screens/ResultsScreen"' instead?
src/navigation/RootNavigator.tsx(29,7): error TS2769: No overload matches this call.
  Overload 1 of 2, '(props: Omit<NativeStackNavigatorProps, "children" | "id" | "initialRouteName" | "layout" | "screenListeners" | "screenOptions" | "screenLayout" | "UNSTABLE_router" | "UNSTABLE_routeNamesChangeBehavior"> & DefaultRouterOptions<...> & ({ ...; } & ({ ...; } | { ...; })), context?: any): string | ... 8 more ... | undefined', gave the following error.
    Object literal may only specify known properties, and 'cardStyle' does not exist in type 'NativeStackNavigationOptions | ((props: { route: RouteProp<ParamListBase, string>; navigation: NativeStackNavigationProp<ParamListBase, string, string | undefined>; theme: Theme; }) => NativeStackNavigationOptions)'.
  Overload 2 of 2, '(props: Omit<NativeStackNavigatorProps, "children" | "id" | "initialRouteName" | "layout" | "screenListeners" | "screenOptions" | "screenLayout" | "UNSTABLE_router" | "UNSTABLE_routeNamesChangeBehavior"> & DefaultRouterOptions<...> & ({ ...; } & ({ ...; } | { ...; }))): string | ... 8 more ... | undefined', gave the following error.
    Object literal may only specify known properties, and 'cardStyle' does not exist in type 'NativeStackNavigationOptions | ((props: { route: RouteProp<ParamListBase, string>; navigation: NativeStackNavigationProp<ParamListBase, string, string | undefined>; theme: Theme; }) => NativeStackNavigationOptions)'.
